V3 4
FL "/home/student1/aaandres/Desktop/COE758 Labs/PROJECT2/COE758-Project2-main/game.vhd" 2023/11/24.15:15:50 O.87xd
EN work/project2 1700856956 \
      FL "/home/student1/aaandres/Desktop/COE758 Labs/PROJECT2/COE758-Project2-main/game.vhd" \
      PB ieee/std_logic_1164 1325952872 PB ieee/std_logic_arith 1325952873 \
      PB ieee/STD_LOGIC_UNSIGNED 1325952875
AR work/project2/Behavioral 1700856957 \
      FL "/home/student1/aaandres/Desktop/COE758 Labs/PROJECT2/COE758-Project2-main/game.vhd" \
      EN work/project2 1700856956
FL /home/student2/slogozzo/COE758/Project2/Project2/game.vhd 2023/11/14.11:52:56 O.87xd
