V3 3
FL "/home/student1/aaandres/Desktop/COE758 Labs/PROJECT2/SVGPEX/VideoController.vhd" 2023/11/24.14:17:56 O.87xd
EN work/VideoController 1700853527 \
      FL "/home/student1/aaandres/Desktop/COE758 Labs/PROJECT2/SVGPEX/VideoController.vhd" \
      PB ieee/std_logic_1164 1325952872
AR work/VideoController/Behavioral 1700853528 \
      FL "/home/student1/aaandres/Desktop/COE758 Labs/PROJECT2/SVGPEX/VideoController.vhd" \
      EN work/VideoController 1700853527
