Release 13.4 - xst O.87xd (lin64)
Copyright (c) 1995-2011 Xilinx, Inc.  All rights reserved.
--> 
Parameter TMPDIR set to xst/projnav.tmp


Total REAL time to Xst completion: 0.00 secs
Total CPU time to Xst completion: 0.07 secs
 
--> 
Parameter xsthdpdir set to xst


Total REAL time to Xst completion: 0.00 secs
Total CPU time to Xst completion: 0.07 secs
 
--> 
Reading design: VideoController.prj

TABLE OF CONTENTS
  1) Synthesis Options Summary
  2) HDL Compilation
  3) Design Hierarchy Analysis
  4) HDL Analysis
  5) HDL Synthesis
     5.1) HDL Synthesis Report
  6) Advanced HDL Synthesis
     6.1) Advanced HDL Synthesis Report
  7) Low Level Synthesis
  8) Partition Report
  9) Final Report
	9.1) Device utilization summary
	9.2) Partition Resource Summary
	9.3) TIMING REPORT


=========================================================================
*                      Synthesis Options Summary                        *
=========================================================================
---- Source Parameters
Input File Name                    : "VideoController.prj"
Input Format                       : mixed
Ignore Synthesis Constraint File   : NO

---- Target Parameters
Output File Name                   : "VideoController"
Output Format                      : NGC
Target Device                      : xc3s500e-5-fg320

---- Source Options
Top Module Name                    : VideoController
Automatic FSM Extraction           : YES
FSM Encoding Algorithm             : Auto
Safe Implementation                : No
FSM Style                          : LUT
RAM Extraction                     : Yes
RAM Style                          : Auto
ROM Extraction                     : Yes
Mux Style                          : Auto
Decoder Extraction                 : YES
Priority Encoder Extraction        : Yes
Shift Register Extraction          : YES
Logical Shifter Extraction         : YES
XOR Collapsing                     : YES
ROM Style                          : Auto
Mux Extraction                     : Yes
Resource Sharing                   : YES
Asynchronous To Synchronous        : NO
Multiplier Style                   : Auto
Automatic Register Balancing       : No

---- Target Options
Add IO Buffers                     : YES
Global Maximum Fanout              : 100000
Add Generic Clock Buffer(BUFG)     : 24
Register Duplication               : YES
Slice Packing                      : YES
Optimize Instantiated Primitives   : NO
Use Clock Enable                   : Yes
Use Synchronous Set                : Yes
Use Synchronous Reset              : Yes
Pack IO Registers into IOBs        : Auto
Equivalent register Removal        : YES

---- General Options
Optimization Goal                  : Speed
Optimization Effort                : 1
Keep Hierarchy                     : No
Netlist Hierarchy                  : As_Optimized
RTL Output                         : Yes
Global Optimization                : AllClockNets
Read Cores                         : YES
Write Timing Constraints           : NO
Cross Clock Analysis               : NO
Hierarchy Separator                : /
Bus Delimiter                      : <>
Case Specifier                     : Maintain
Slice Utilization Ratio            : 100
BRAM Utilization Ratio             : 100
Verilog 2001                       : YES
Auto BRAM Packing                  : NO
Slice Utilization Ratio Delta      : 5

---- Other Options
Cores Search Directories           : {"ipcore_dir"  }

=========================================================================


=========================================================================
*                          HDL Compilation                              *
=========================================================================
Compiling vhdl file "/home/student1/aaandres/Desktop/COE758 Labs/PROJECT2/SVGP/VideoController.vhd" in Library work.
Entity <videocontroller> compiled.
Entity <videocontroller> (Architecture <behavioral>) compiled.

=========================================================================
*                     Design Hierarchy Analysis                         *
=========================================================================
Analyzing hierarchy for entity <VideoController> in library <work> (architecture <behavioral>).


=========================================================================
*                            HDL Analysis                               *
=========================================================================
Analyzing Entity <VideoController> in library <work> (Architecture <behavioral>).
Entity <VideoController> analyzed. Unit <VideoController> generated.


=========================================================================
*                           HDL Synthesis                               *
=========================================================================

Performing bidirectional port resolution...

Synthesizing Unit <VideoController>.
    Related source file is "/home/student1/aaandres/Desktop/COE758 Labs/PROJECT2/SVGP/VideoController.vhd".
WARNING:Xst:646 - Signal <RGB> is assigned but never used. This unconnected signal will be trimmed during the optimization process.
    Found 1-bit register for signal <vsync>.
    Found 1-bit register for signal <hsync>.
    Found 1-bit register for signal <bright>.
    Found 32-bit comparator lessequal for signal <bright$cmp_le0000> created at line 222.
    Found 32-bit comparator lessequal for signal <bright$cmp_le0001> created at line 222.
    Found 1-bit register for signal <clk25>.
    Found 32-bit up counter for signal <hpos>.
    Found 32-bit comparator greatequal for signal <hsync$cmp_ge0000> created at line 194.
    Found 32-bit comparator less for signal <hsync$cmp_lt0000> created at line 194.
    Found 32-bit up counter for signal <vpos>.
    Found 32-bit comparator greatequal for signal <vsync$cmp_ge0000> created at line 208.
    Found 32-bit comparator less for signal <vsync$cmp_lt0000> created at line 208.
    Summary:
	inferred   2 Counter(s).
	inferred   4 D-type flip-flop(s).
	inferred   6 Comparator(s).
Unit <VideoController> synthesized.


=========================================================================
HDL Synthesis Report

Macro Statistics
# Counters                                             : 2
 32-bit up counter                                     : 2
# Registers                                            : 4
 1-bit register                                        : 4
# Comparators                                          : 6
 32-bit comparator greatequal                          : 2
 32-bit comparator less                                : 2
 32-bit comparator lessequal                           : 2

=========================================================================

=========================================================================
*                       Advanced HDL Synthesis                          *
=========================================================================


=========================================================================
Advanced HDL Synthesis Report

Macro Statistics
# Counters                                             : 2
 32-bit up counter                                     : 2
# Registers                                            : 4
 Flip-Flops                                            : 4
# Comparators                                          : 6
 32-bit comparator greatequal                          : 2
 32-bit comparator less                                : 2
 32-bit comparator lessequal                           : 2

=========================================================================

=========================================================================
*                         Low Level Synthesis                           *
=========================================================================

Optimizing unit <VideoController> ...

Mapping all equations...
Building and optimizing final netlist ...
Found area constraint ratio of 100 (+ 5) on block VideoController, actual ratio is 2.

Final Macro Processing ...

=========================================================================
Final Register Report

Macro Statistics
# Registers                                            : 68
 Flip-Flops                                            : 68

=========================================================================

=========================================================================
*                           Partition Report                            *
=========================================================================

Partition Implementation Status
-------------------------------

  No Partitions were found in this design.

-------------------------------

=========================================================================
*                            Final Report                               *
=========================================================================
Final Results
RTL Top Level Output File Name     : VideoController.ngr
Top Level Output File Name         : VideoController
Output Format                      : NGC
Optimization Goal                  : Speed
Keep Hierarchy                     : No

Design Statistics
# IOs                              : 26

Cell Usage :
# BELS                             : 423
#      GND                         : 1
#      INV                         : 18
#      LUT1                        : 69
#      LUT2                        : 73
#      LUT3                        : 3
#      LUT4                        : 50
#      MUXCY                       : 144
#      VCC                         : 1
#      XORCY                       : 64
# FlipFlops/Latches                : 68
#      FDC                         : 35
#      FDCE                        : 32
#      FDR                         : 1
# Clock Buffers                    : 2
#      BUFG                        : 1
#      BUFGP                       : 1
# IO Buffers                       : 25
#      IBUF                        : 1
#      OBUF                        : 24
=========================================================================

Device utilization summary:
---------------------------

Selected Device : 3s500efg320-5 

 Number of Slices:                      113  out of   4656     2%  
 Number of Slice Flip Flops:             68  out of   9312     0%  
 Number of 4 input LUTs:                213  out of   9312     2%  
 Number of IOs:                          26
 Number of bonded IOBs:                  26  out of    232    11%  
 Number of GCLKs:                         2  out of     24     8%  

---------------------------
Partition Resource Summary:
---------------------------

  No Partitions were found in this design.

---------------------------


=========================================================================
TIMING REPORT

NOTE: THESE TIMING NUMBERS ARE ONLY A SYNTHESIS ESTIMATE.
      FOR ACCURATE TIMING INFORMATION PLEASE REFER TO THE TRACE REPORT
      GENERATED AFTER PLACE-and-ROUTE.

Clock Information:
------------------
-----------------------------------+------------------------+-------+
Clock Signal                       | Clock buffer(FF name)  | Load  |
-----------------------------------+------------------------+-------+
clk251                             | BUFG                   | 67    |
clk                                | BUFGP                  | 1     |
-----------------------------------+------------------------+-------+

Asynchronous Control Signals Information:
----------------------------------------
-----------------------------------+------------------------+-------+
Control Signal                     | Buffer(FF name)        | Load  |
-----------------------------------+------------------------+-------+
rst                                | IBUF                   | 67    |
-----------------------------------+------------------------+-------+

Timing Summary:
---------------
Speed Grade: -5

   Minimum period: 5.719ns (Maximum Frequency: 174.869MHz)
   Minimum input arrival time before clock: No path found
   Maximum output required time after clock: 4.252ns
   Maximum combinational path delay: No path found

Timing Detail:
--------------
All values displayed in nanoseconds (ns)

=========================================================================
Timing constraint: Default period analysis for Clock 'clk251'
  Clock period: 5.719ns (frequency: 174.869MHz)
  Total number of paths / destination ports: 4310 / 99
-------------------------------------------------------------------------
Delay:               5.719ns (Levels of Logic = 33)
  Source:            hpos_1 (FF)
  Destination:       hpos_31 (FF)
  Source Clock:      clk251 rising
  Destination Clock: clk251 rising

  Data Path: hpos_1 to hpos_31
                                Gate     Net
    Cell:in->out      fanout   Delay   Delay  Logical Name (Net Name)
    ----------------------------------------  ------------
     FDC:C->Q              5   0.514   0.690  hpos_1 (hpos_1)
     LUT1:I0->O            1   0.612   0.000  Mcount_hpos_cy<1>_rt (Mcount_hpos_cy<1>_rt)
     MUXCY:S->O            1   0.404   0.000  Mcount_hpos_cy<1> (Mcount_hpos_cy<1>)
     MUXCY:CI->O           1   0.052   0.000  Mcount_hpos_cy<2> (Mcount_hpos_cy<2>)
     MUXCY:CI->O           1   0.052   0.000  Mcount_hpos_cy<3> (Mcount_hpos_cy<3>)
     MUXCY:CI->O           1   0.052   0.000  Mcount_hpos_cy<4> (Mcount_hpos_cy<4>)
     MUXCY:CI->O           1   0.052   0.000  Mcount_hpos_cy<5> (Mcount_hpos_cy<5>)
     MUXCY:CI->O           1   0.052   0.000  Mcount_hpos_cy<6> (Mcount_hpos_cy<6>)
     MUXCY:CI->O           1   0.052   0.000  Mcount_hpos_cy<7> (Mcount_hpos_cy<7>)
     MUXCY:CI->O           1   0.052   0.000  Mcount_hpos_cy<8> (Mcount_hpos_cy<8>)
     MUXCY:CI->O           1   0.052   0.000  Mcount_hpos_cy<9> (Mcount_hpos_cy<9>)
     MUXCY:CI->O           1   0.052   0.000  Mcount_hpos_cy<10> (Mcount_hpos_cy<10>)
     MUXCY:CI->O           1   0.052   0.000  Mcount_hpos_cy<11> (Mcount_hpos_cy<11>)
     MUXCY:CI->O           1   0.052   0.000  Mcount_hpos_cy<12> (Mcount_hpos_cy<12>)
     MUXCY:CI->O           1   0.052   0.000  Mcount_hpos_cy<13> (Mcount_hpos_cy<13>)
     MUXCY:CI->O           1   0.052   0.000  Mcount_hpos_cy<14> (Mcount_hpos_cy<14>)
     MUXCY:CI->O           1   0.052   0.000  Mcount_hpos_cy<15> (Mcount_hpos_cy<15>)
     MUXCY:CI->O           1   0.052   0.000  Mcount_hpos_cy<16> (Mcount_hpos_cy<16>)
     MUXCY:CI->O           1   0.052   0.000  Mcount_hpos_cy<17> (Mcount_hpos_cy<17>)
     MUXCY:CI->O           1   0.052   0.000  Mcount_hpos_cy<18> (Mcount_hpos_cy<18>)
     MUXCY:CI->O           1   0.052   0.000  Mcount_hpos_cy<19> (Mcount_hpos_cy<19>)
     MUXCY:CI->O           1   0.052   0.000  Mcount_hpos_cy<20> (Mcount_hpos_cy<20>)
     MUXCY:CI->O           1   0.052   0.000  Mcount_hpos_cy<21> (Mcount_hpos_cy<21>)
     MUXCY:CI->O           1   0.052   0.000  Mcount_hpos_cy<22> (Mcount_hpos_cy<22>)
     MUXCY:CI->O           1   0.052   0.000  Mcount_hpos_cy<23> (Mcount_hpos_cy<23>)
     MUXCY:CI->O           1   0.052   0.000  Mcount_hpos_cy<24> (Mcount_hpos_cy<24>)
     MUXCY:CI->O           1   0.052   0.000  Mcount_hpos_cy<25> (Mcount_hpos_cy<25>)
     MUXCY:CI->O           1   0.052   0.000  Mcount_hpos_cy<26> (Mcount_hpos_cy<26>)
     MUXCY:CI->O           1   0.052   0.000  Mcount_hpos_cy<27> (Mcount_hpos_cy<27>)
     MUXCY:CI->O           1   0.052   0.000  Mcount_hpos_cy<28> (Mcount_hpos_cy<28>)
     MUXCY:CI->O           1   0.052   0.000  Mcount_hpos_cy<29> (Mcount_hpos_cy<29>)
     MUXCY:CI->O           0   0.052   0.000  Mcount_hpos_cy<30> (Mcount_hpos_cy<30>)
     XORCY:CI->O           1   0.699   0.426  Mcount_hpos_xor<31> (Result<31>)
     LUT2:I1->O            1   0.612   0.000  Mcount_hpos_eqn_311 (Mcount_hpos_eqn_31)
     FDC:D                     0.268          hpos_31
    ----------------------------------------
    Total                      5.719ns (4.603ns logic, 1.116ns route)
                                       (80.5% logic, 19.5% route)

=========================================================================
Timing constraint: Default period analysis for Clock 'clk'
  Clock period: 1.760ns (frequency: 568.069MHz)
  Total number of paths / destination ports: 1 / 1
-------------------------------------------------------------------------
Delay:               1.760ns (Levels of Logic = 0)
  Source:            clk25 (FF)
  Destination:       clk25 (FF)
  Source Clock:      clk rising
  Destination Clock: clk rising

  Data Path: clk25 to clk25
                                Gate     Net
    Cell:in->out      fanout   Delay   Delay  Logical Name (Net Name)
    ----------------------------------------  ------------
     FDR:C->Q              3   0.514   0.451  clk25 (clk251)
     FDR:R                     0.795          clk25
    ----------------------------------------
    Total                      1.760ns (1.309ns logic, 0.451ns route)
                                       (74.4% logic, 25.6% route)

=========================================================================
Timing constraint: Default OFFSET OUT AFTER for Clock 'clk251'
  Total number of paths / destination ports: 23 / 23
-------------------------------------------------------------------------
Offset:              4.252ns (Levels of Logic = 1)
  Source:            hpos_9 (FF)
  Destination:       hposition<9> (PAD)
  Source Clock:      clk251 rising

  Data Path: hpos_9 to hposition<9>
                                Gate     Net
    Cell:in->out      fanout   Delay   Delay  Logical Name (Net Name)
    ----------------------------------------  ------------
     FDC:C->Q              6   0.514   0.569  hpos_9 (hpos_9)
     OBUF:I->O                 3.169          hposition_9_OBUF (hposition<9>)
    ----------------------------------------
    Total                      4.252ns (3.683ns logic, 0.569ns route)
                                       (86.6% logic, 13.4% route)

=========================================================================
Timing constraint: Default OFFSET OUT AFTER for Clock 'clk'
  Total number of paths / destination ports: 1 / 1
-------------------------------------------------------------------------
Offset:              4.134ns (Levels of Logic = 1)
  Source:            clk25 (FF)
  Destination:       clk_25 (PAD)
  Source Clock:      clk rising

  Data Path: clk25 to clk_25
                                Gate     Net
    Cell:in->out      fanout   Delay   Delay  Logical Name (Net Name)
    ----------------------------------------  ------------
     FDR:C->Q              3   0.514   0.451  clk25 (clk251)
     OBUF:I->O                 3.169          clk_25_OBUF (clk_25)
    ----------------------------------------
    Total                      4.134ns (3.683ns logic, 0.451ns route)
                                       (89.1% logic, 10.9% route)

=========================================================================


Total REAL time to Xst completion: 4.00 secs
Total CPU time to Xst completion: 3.74 secs
 
--> 


Total memory usage is 640840 kilobytes

Number of errors   :    0 (   0 filtered)
Number of warnings :    1 (   0 filtered)
Number of infos    :    0 (   0 filtered)

