EN project2 NULL "/home/student1/aaandres/Desktop/COE758 Labs/SVGP/SVGP/pong.vhd" sub00/vhpl00 1700858197
EN pong NULL "/home/student1/aaandres/Desktop/COE758 Labs/SVGP/SVGP/pong.vhd" sub00/vhpl02 1701101665
AR project2 behavioral "/home/student1/aaandres/Desktop/COE758 Labs/SVGP/SVGP/pong.vhd" sub00/vhpl01 1700858198
AR pong behavioral "/home/student1/aaandres/Desktop/COE758 Labs/SVGP/SVGP/pong.vhd" sub00/vhpl03 1701101666
