V3 3
FL "/home/student1/aaandres/Desktop/COE758 Labs/SVGP/SVGP/pong.vhd" 2023/11/27.11:09:58 O.87xd
EN work/pong 1701101665 \
      FL "/home/student1/aaandres/Desktop/COE758 Labs/SVGP/SVGP/pong.vhd" \
      PB ieee/std_logic_1164 1325952872 PB ieee/std_logic_arith 1325952873 \
      PB ieee/STD_LOGIC_UNSIGNED 1325952875
AR work/pong/Behavioral 1701101666 \
      FL "/home/student1/aaandres/Desktop/COE758 Labs/SVGP/SVGP/pong.vhd" \
      EN work/pong 1701101665
